// Jest Snapshot v1, https://goo.gl/fbAQLP

exports[`Main container renders correctly 1`] = `
<div>
  <div>
    React app
  </div>
</div>
`;
