// Jest Snapshot v1, https://goo.gl/fbAQLP

exports[`Loading component renders correctly 1`] = `
<div
  className="loader"
>
  Loading... Please wait
</div>
`;
